Archive member included to satisfy reference by file (symbol)

C:/ST/STM32CubeIDE_1.19.0/STM32CubeIDE/plugins/com.st.stm32cube.ide.mcu.externaltools.gnu-tools-for-stm32.13.3.rel1.win32_1.0.0.202411081344/tools/bin/../lib/gcc/arm-none-eabi/13.3.1/../../../../arm-none-eabi/lib/thumb/v7e-m+fp/hard\libc_nano.a(libc_a-exit.o)
                              C:/ST/STM32CubeIDE_1.19.0/STM32CubeIDE/plugins/com.st.stm32cube.ide.mcu.externaltools.gnu-tools-for-stm32.13.3.rel1.win32_1.0.0.202411081344/tools/bin/../lib/gcc/arm-none-eabi/13.3.1/../../../../arm-none-eabi/lib/thumb/v7e-m+fp/hard/crt0.o (exit)
C:/ST/STM32CubeIDE_1.19.0/STM32CubeIDE/plugins/com.st.stm32cube.ide.mcu.externaltools.gnu-tools-for-stm32.13.3.rel1.win32_1.0.0.202411081344/tools/bin/../lib/gcc/arm-none-eabi/13.3.1/../../../../arm-none-eabi/lib/thumb/v7e-m+fp/hard\libc_nano.a(libc_a-findfp.o)
                              C:/ST/STM32CubeIDE_1.19.0/STM32CubeIDE/plugins/com.st.stm32cube.ide.mcu.externaltools.gnu-tools-for-stm32.13.3.rel1.win32_1.0.0.202411081344/tools/bin/../lib/gcc/arm-none-eabi/13.3.1/../../../../arm-none-eabi/lib/thumb/v7e-m+fp/hard\libc_nano.a(libc_a-exit.o) (__stdio_exit_handler)
C:/ST/STM32CubeIDE_1.19.0/STM32CubeIDE/plugins/com.st.stm32cube.ide.mcu.externaltools.gnu-tools-for-stm32.13.3.rel1.win32_1.0.0.202411081344/tools/bin/../lib/gcc/arm-none-eabi/13.3.1/../../../../arm-none-eabi/lib/thumb/v7e-m+fp/hard\libc_nano.a(libc_a-fwalk.o)
                              C:/ST/STM32CubeIDE_1.19.0/STM32CubeIDE/plugins/com.st.stm32cube.ide.mcu.externaltools.gnu-tools-for-stm32.13.3.rel1.win32_1.0.0.202411081344/tools/bin/../lib/gcc/arm-none-eabi/13.3.1/../../../../arm-none-eabi/lib/thumb/v7e-m+fp/hard\libc_nano.a(libc_a-findfp.o) (_fwalk_sglue)
C:/ST/STM32CubeIDE_1.19.0/STM32CubeIDE/plugins/com.st.stm32cube.ide.mcu.externaltools.gnu-tools-for-stm32.13.3.rel1.win32_1.0.0.202411081344/tools/bin/../lib/gcc/arm-none-eabi/13.3.1/../../../../arm-none-eabi/lib/thumb/v7e-m+fp/hard\libc_nano.a(libc_a-stdio.o)
                              C:/ST/STM32CubeIDE_1.19.0/STM32CubeIDE/plugins/com.st.stm32cube.ide.mcu.externaltools.gnu-tools-for-stm32.13.3.rel1.win32_1.0.0.202411081344/tools/bin/../lib/gcc/arm-none-eabi/13.3.1/../../../../arm-none-eabi/lib/thumb/v7e-m+fp/hard\libc_nano.a(libc_a-findfp.o) (__sread)
C:/ST/STM32CubeIDE_1.19.0/STM32CubeIDE/plugins/com.st.stm32cube.ide.mcu.externaltools.gnu-tools-for-stm32.13.3.rel1.win32_1.0.0.202411081344/tools/bin/../lib/gcc/arm-none-eabi/13.3.1/../../../../arm-none-eabi/lib/thumb/v7e-m+fp/hard\libc_nano.a(libc_a-memset.o)
                              C:/ST/STM32CubeIDE_1.19.0/STM32CubeIDE/plugins/com.st.stm32cube.ide.mcu.externaltools.gnu-tools-for-stm32.13.3.rel1.win32_1.0.0.202411081344/tools/bin/../lib/gcc/arm-none-eabi/13.3.1/../../../../arm-none-eabi/lib/thumb/v7e-m+fp/hard/crt0.o (memset)
C:/ST/STM32CubeIDE_1.19.0/STM32CubeIDE/plugins/com.st.stm32cube.ide.mcu.externaltools.gnu-tools-for-stm32.13.3.rel1.win32_1.0.0.202411081344/tools/bin/../lib/gcc/arm-none-eabi/13.3.1/../../../../arm-none-eabi/lib/thumb/v7e-m+fp/hard\libc_nano.a(libc_a-closer.o)
                              C:/ST/STM32CubeIDE_1.19.0/STM32CubeIDE/plugins/com.st.stm32cube.ide.mcu.externaltools.gnu-tools-for-stm32.13.3.rel1.win32_1.0.0.202411081344/tools/bin/../lib/gcc/arm-none-eabi/13.3.1/../../../../arm-none-eabi/lib/thumb/v7e-m+fp/hard\libc_nano.a(libc_a-stdio.o) (_close_r)
C:/ST/STM32CubeIDE_1.19.0/STM32CubeIDE/plugins/com.st.stm32cube.ide.mcu.externaltools.gnu-tools-for-stm32.13.3.rel1.win32_1.0.0.202411081344/tools/bin/../lib/gcc/arm-none-eabi/13.3.1/../../../../arm-none-eabi/lib/thumb/v7e-m+fp/hard\libc_nano.a(libc_a-reent.o)
                              C:/ST/STM32CubeIDE_1.19.0/STM32CubeIDE/plugins/com.st.stm32cube.ide.mcu.externaltools.gnu-tools-for-stm32.13.3.rel1.win32_1.0.0.202411081344/tools/bin/../lib/gcc/arm-none-eabi/13.3.1/../../../../arm-none-eabi/lib/thumb/v7e-m+fp/hard\libc_nano.a(libc_a-closer.o) (errno)
C:/ST/STM32CubeIDE_1.19.0/STM32CubeIDE/plugins/com.st.stm32cube.ide.mcu.externaltools.gnu-tools-for-stm32.13.3.rel1.win32_1.0.0.202411081344/tools/bin/../lib/gcc/arm-none-eabi/13.3.1/../../../../arm-none-eabi/lib/thumb/v7e-m+fp/hard\libc_nano.a(libc_a-impure.o)
                              C:/ST/STM32CubeIDE_1.19.0/STM32CubeIDE/plugins/com.st.stm32cube.ide.mcu.externaltools.gnu-tools-for-stm32.13.3.rel1.win32_1.0.0.202411081344/tools/bin/../lib/gcc/arm-none-eabi/13.3.1/../../../../arm-none-eabi/lib/thumb/v7e-m+fp/hard\libc_nano.a(libc_a-reent.o) (_impure_ptr)
C:/ST/STM32CubeIDE_1.19.0/STM32CubeIDE/plugins/com.st.stm32cube.ide.mcu.externaltools.gnu-tools-for-stm32.13.3.rel1.win32_1.0.0.202411081344/tools/bin/../lib/gcc/arm-none-eabi/13.3.1/../../../../arm-none-eabi/lib/thumb/v7e-m+fp/hard\libc_nano.a(libc_a-lseekr.o)
[...]
Memory Configuration

Name             Origin             Length             Attributes
RAM              0x20000000         0x00020000         xrw
FLASH            0x08000000         0x00080000         xr
*default*        0x00000000         0xffffffff

Linker script and memory map

LOAD C:/ST/STM32CubeIDE_1.19.0/STM32CubeIDE/plugins/com.st.stm32cube.ide.mcu.externaltools.gnu-tools-for-stm32.13.3.rel1.win32_1.0.0.202411081344/tools/bin/../lib/gcc/arm-none-eabi/13.3.1/thumb/v7e-m+fp/hard/crti.o
LOAD C:/ST/STM32CubeIDE_1.19.0/STM32CubeIDE/plugins/com.st.stm32cube.ide.mcu.externaltools.gnu-tools-for-stm32.13.3.rel1.win32_1.0.0.202411081344/tools/bin/../lib/gcc/arm-none-eabi/13.3.1/thumb/v7e-m+fp/hard/crtbegin.o
LOAD C:/ST/STM32CubeIDE_1.19.0/STM32CubeIDE/plugins/com.st.stm32cube.ide.mcu.externaltools.gnu-tools-for-stm32.13.3.rel1.win32_1.0.0.202411081344/tools/bin/../lib/gcc/arm-none-eabi/13.3.1/../../../../arm-none-eabi/lib/thumb/v7e-m+fp/hard/crt0.o
LOAD ./Core/Src/main.o
LOAD ./Core/Src/navball_texture_160_80.o
LOAD ./Core/Src/navball_texture_256_128.o
LOAD ./Core/Src/st7735s.o
LOAD ./Core/Src/stm32f4xx_hal_msp.o
LOAD ./Core/Src/stm32f4xx_it.o
LOAD ./Core/Src/syscalls.o
LOAD ./Core/Src/sysmem.o
LOAD ./Core/Src/system_stm32f4xx.o
LOAD ./Core/Src/trig_lookup_tables.o
LOAD ./Core/Startup/startup_stm32f411ceux.o
LOAD ./Drivers/STM32F4xx_HAL_Driver/Src/stm32f4xx_hal.o
LOAD ./Drivers/STM32F4xx_HAL_Driver/Src/stm32f4xx_hal_cortex.o
LOAD ./Drivers/STM32F4xx_HAL_Driver/Src/stm32f4xx_hal_dma.o
LOAD ./Drivers/STM32F4xx_HAL_Driver/Src/stm32f4xx_hal_dma_ex.o
LOAD ./Drivers/STM32F4xx_HAL_Driver/Src/stm32f4xx_hal_exti.o
LOAD ./Drivers/STM32F4xx_HAL_Driver/Src/stm32f4xx_hal_flash.o
LOAD ./Drivers/STM32F4xx_HAL_Driver/Src/stm32f4xx_hal_flash_ex.o
LOAD ./Drivers/STM32F4xx_HAL_Driver/Src/stm32f4xx_hal_flash_ramfunc.o
LOAD ./Drivers/STM32F4xx_HAL_Driver/Src/stm32f4xx_hal_gpio.o
LOAD ./Drivers/STM32F4xx_HAL_Driver/Src/stm32f4xx_hal_pwr.o
LOAD ./Drivers/STM32F4xx_HAL_Driver/Src/stm32f4xx_hal_pwr_ex.o
LOAD ./Drivers/STM32F4xx_HAL_Driver/Src/stm32f4xx_hal_rcc.o
LOAD ./Drivers/STM32F4xx_HAL_Driver/Src/stm32f4xx_hal_rcc_ex.o
LOAD ./Drivers/STM32F4xx_HAL_Driver/Src/stm32f4xx_hal_spi.o
LOAD ./Drivers/STM32F4xx_HAL_Driver/Src/stm32f4xx_hal_uart.o
START GROUP
LOAD C:/ST/STM32CubeIDE_1.19.0/STM32CubeIDE/plugins/com.st.stm32cube.ide.mcu.externaltools.gnu-tools-for-stm32.13.3.rel1.win32_1.0.0.202411081344/tools/bin/../lib/gcc/arm-none-eabi/13.3.1/../../../../arm-none-eabi/lib/thumb/v7e-m+fp/hard\libc_nano.a
LOAD C:/ST/STM32CubeIDE_1.19.0/STM32CubeIDE/plugins/com.st.stm32cube.ide.mcu.externaltools.gnu-tools-for-stm32.13.3.rel1.win32_1.0.0.202411081344/tools/bin/../lib/gcc/arm-none-eabi/13.3.1/../../../../arm-none-eabi/lib/thumb/v7e-m+fp/hard\libm.a
END GROUP
START GROUP
LOAD C:/ST/STM32CubeIDE_1.19.0/STM32CubeIDE/plugins/com.st.stm32cube.ide.mcu.externaltools.gnu-tools-for-stm32.13.3.rel1.win32_1.0.0.202411081344/tools/bin/../lib/gcc/arm-none-eabi/13.3.1/thumb/v7e-m+fp/hard\libgcc.a
LOAD C:/ST/STM32CubeIDE_1.19.0/STM32CubeIDE/plugins/com.st.stm32cube.ide.mcu.externaltools.gnu-tools-for-stm32.13.3.rel1.win32_1.0.0.202411081344/tools/bin/../lib/gcc/arm-none-eabi/13.3.1/../../../../arm-none-eabi/lib/thumb/v7e-m+fp/hard\libc_nano.a
END GROUP
START GROUP
LOAD C:/ST/STM32CubeIDE_1.19.0/STM32CubeIDE/plugins/com.st.stm32cube.ide.mcu.externaltools.gnu-tools-for-stm32.13.3.rel1.win32_1.0.0.202411081344/tools/bin/../lib/gcc/arm-none-eabi/13.3.1/thumb/v7e-m+fp/hard\libgcc.a
LOAD C:/ST/STM32CubeIDE_1.19.0/STM32CubeIDE/plugins/com.st.stm32cube.ide.mcu.externaltools.gnu-tools-for-stm32.13.3.rel1.win32_1.0.0.202411081344/tools/bin/../lib/gcc/arm-none-eabi/13.3.1/../../../../arm-none-eabi/lib/thumb/v7e-m+fp/hard\libc_nano.a
LOAD C:/ST/STM32CubeIDE_1.19.0/STM32CubeIDE/plugins/com.st.stm32cube.ide.mcu.externaltools.gnu-tools-for-stm32.13.3.rel1.win32_1.0.0.202411081344/tools/bin/../lib/gcc/arm-none-eabi/13.3.1/../../../../arm-none-eabi/lib/thumb/v7e-m+fp/hard\libnosys.a
END GROUP
START GROUP
LOAD C:/ST/STM32CubeIDE_1.19.0/STM32CubeIDE/plugins/com.st.stm32cube.ide.mcu.externaltools.gnu-tools-for-stm32.13.3.rel1.win32_1.0.0.202411081344/tools/bin/../lib/gcc/arm-none-eabi/13.3.1/thumb/v7e-m+fp/hard\libgcc.a
LOAD C:/ST/STM32CubeIDE_1.19.0/STM32CubeIDE/plugins/com.st.stm32cube.ide.mcu.externaltools.gnu-tools-for-stm32.13.3.rel1.win32_1.0.0.202411081344/tools/bin/../lib/gcc/arm-none-eabi/13.3.1/../../../../arm-none-eabi/lib/thumb/v7e-m+fp/hard\libc_nano.a
LOAD C:/ST/STM32CubeIDE_1.19.0/STM32CubeIDE/plugins/com.st.stm32cube.ide.mcu.externaltools.gnu-tools-for-stm32.13.3.rel1.win32_1.0.0.202411081344/tools/bin/../lib/gcc/arm-none-eabi/13.3.1/../../../../arm-none-eabi/lib/thumb/v7e-m+fp/hard\libnosys.a
END GROUP
LOAD C:/ST/STM32CubeIDE_1.19.0/STM32CubeIDE/plugins/com.st.stm32cube.ide.mcu.externaltools.gnu-tools-for-stm32.13.3.rel1.win32_1.0.0.202411081344/tools/bin/../lib/gcc/arm-none-eabi/13.3.1/thumb/v7e-m+fp/hard/crtend.o
LOAD C:/ST/STM32CubeIDE_1.19.0/STM32CubeIDE/plugins/com.st.stm32cube.ide.mcu.externaltools.gnu-tools-for-stm32.13.3.rel1.win32_1.0.0.202411081344/tools/bin/../lib/gcc/arm-none-eabi/13.3.1/thumb/v7e-m+fp/hard/crtn.o
                0x20020000                        _estack = (ORIGIN (RAM) + LENGTH (RAM))
                0x00000200                        _Min_Heap_Size = 0x200
                0x00000400                        _Min_Stack_Size = 0x400

.isr_vector     0x08000000      0x198
                0x08000000                        . = ALIGN (0x4)
 *(.isr_vector)
 .isr_vector    0x08000000      0x198 ./Core/Startup/startup_stm32f411ceux.o
                0x08000000                g_pfnVectors
                0x08000198                        . = ALIGN (0x4)

.text           0x08000198     0x4c60
                0x08000198                        . = ALIGN (0x4)
 *(.text)
 .text          0x08000198       0x40 C:/ST/STM32CubeIDE_1.19.0/STM32CubeIDE/plugins/com.st.stm32cube.ide.mcu.externaltools.gnu-tools-for-stm32.13.3.rel1.win32_1.0.0.202411081344/tools/bin/../lib/gcc/arm-none-eabi/13.3.1/thumb/v7e-m+fp/hard/crtbegin.o
 .text          0x080001d8       0x30 C:/ST/STM32CubeIDE_1.19.0/STM32CubeIDE/plugins/com.st.stm32cube.ide.mcu.externaltools.gnu-tools-for-stm32.13.3.rel1.win32_1.0.0.202411081344/tools/bin/../lib/gcc/arm-none-eabi/13.3.1/thumb/v7e-m+fp/hard\libgcc.a(_aeabi_uldivmod.o)
                0x080001d8                __aeabi_uldivmod
 .text          0x08000208      0x2f8 C:/ST/STM32CubeIDE_1.19.0/STM32CubeIDE/plugins/com.st.stm32cube.ide.mcu.externaltools.gnu-tools-for-stm32.13.3.rel1.win32_1.0.0.202411081344/tools/bin/../lib/gcc/arm-none-eabi/13.3.1/thumb/v7e-m+fp/hard\libgcc.a(_udivmoddi4.o)
                0x08000208                __udivmoddi4
 .text          0x08000500        0x4 C:/ST/STM32CubeIDE_1.19.0/STM32CubeIDE/plugins/com.st.stm32cube.ide.mcu.externaltools.gnu-tools-for-stm32.13.3.rel1.win32_1.0.0.202411081344/tools/bin/../lib/gcc/arm-none-eabi/13.3.1/thumb/v7e-m+fp/hard\libgcc.a(_dvmd_tls.o)
                0x08000500                __aeabi_idiv0
                0x08000500                __aeabi_ldiv0
 *(.text*)
 .text.main     0x08000504      0x1a8 ./Core/Src/main.o
                0x08000504                main
 .text.SystemClock_Config
                0x080006ac       0xd0 ./Core/Src/main.o
                0x080006ac                SystemClock_Config
 .text.MX_SPI1_Init
                0x0800077c       0x6c ./Core/Src/main.o
 .text.MX_USART1_UART_Init
                0x080007e8       0x54 ./Core/Src/main.o
 .text.MX_DMA_Init
                0x0800083c       0x50 ./Core/Src/main.o
 .text.MX_GPIO_Init
                0x0800088c       0xa0 ./Core/Src/main.o
 .text.HAL_SPI_TxCpltCallback
                0x0800092c       0x24 ./Core/Src/main.o
                0x0800092c                HAL_SPI_TxCpltCallback
 .text.HAL_UART_RxCpltCallback
                0x08000950       0x58 ./Core/Src/main.o
                0x08000950                HAL_UART_RxCpltCallback
 .text.Error_Handler
                0x080009a8        0xc ./Core/Src/main.o
                0x080009a8                Error_Handler
 .text.cs_low   0x080009b4       0x20 ./Core/Src/st7735s.o
 .text.cs_high  0x080009d4       0x20 ./Core/Src/st7735s.o
 .text.write_cmd
                0x080009f4       0x40 ./Core/Src/st7735s.o
 .text.write_data
                0x08000a34       0x40 ./Core/Src/st7735s.o
 .text.write_data_buf
                0x08000a74       0x42 ./Core/Src/st7735s.o
 .text.st7735s_create
                0x08000ab6       0x66 ./Core/Src/st7735s.o
                0x08000ab6                st7735s_create
 .text.run_init_sequence
                0x08000b1c       0x80 ./Core/Src/st7735s.o
 .text.st7735s_init
                0x08000b9c       0x42 ./Core/Src/st7735s.o
                0x08000b9c                st7735s_init
 .text.st7735s_set_addr_window
                0x08000bde      0x104 ./Core/Src/st7735s.o
                0x08000bde                st7735s_set_addr_window
 .text.st7735s_fill_rect
                0x08000ce2       0xfa ./Core/Src/st7735s.o
                0x08000ce2                st7735s_fill_rect
 .text.st7735s_fill_screen
                0x08000ddc       0x28 ./Core/Src/st7735s.o
                0x08000ddc                st7735s_fill_screen
 .text.st7735s_push_framebuffer_dma
                0x08000e04       0x7a ./Core/Src/st7735s.o
                0x08000e04                st7735s_push_framebuffer_dma
 .text.st7735s_dma_tx_complete
                0x08000e7e       0x1c ./Core/Src/st7735s.o
                0x08000e7e                st7735s_dma_tx_complete
 *fill*         0x08000e9a        0x2 
 .text.HAL_MspInit
                0x08000e9c       0x50 ./Core/Src/stm32f4xx_hal_msp.o
                0x08000e9c                HAL_MspInit
 .text.HAL_SPI_MspInit
                0x08000eec      0x104 ./Core/Src/stm32f4xx_hal_msp.o
                0x08000eec                HAL_SPI_MspInit
 .text.HAL_UART_MspInit
                0x08000ff0      0x104 ./Core/Src/stm32f4xx_hal_msp.o
                0x08000ff0                HAL_UART_MspInit
 .text.NMI_Handler
                0x080010f4        0x8 ./Core/Src/stm32f4xx_it.o
                0x080010f4                NMI_Handler
 .text.HardFault_Handler
                0x080010fc        0x8 ./Core/Src/stm32f4xx_it.o
                0x080010fc                HardFault_Handler
 .text.MemManage_Handler
                0x08001104        0x8 ./Core/Src/stm32f4xx_it.o
                0x08001104                MemManage_Handler
 .text.BusFault_Handler
                0x0800110c        0x8 ./Core/Src/stm32f4xx_it.o
                0x0800110c                BusFault_Handler
 .text.UsageFault_Handler
                0x08001114        0x8 ./Core/Src/stm32f4xx_it.o
                0x08001114                UsageFault_Handler
 .text.SVC_Handler
                0x0800111c        0xe ./Core/Src/stm32f4xx_it.o
                0x0800111c                SVC_Handler
 .text.DebugMon_Handler
                0x0800112a        0xe ./Core/Src/stm32f4xx_it.o
                0x0800112a                DebugMon_Handler
 .text.PendSV_Handler
                0x08001138        0xe ./Core/Src/stm32f4xx_it.o
                0x08001138                PendSV_Handler
 .text.SysTick_Handler
                0x08001146        0xc ./Core/Src/stm32f4xx_it.o
                0x08001146                SysTick_Handler
 *fill*         0x08001152        0x2 
 .text.SPI1_IRQHandler
                0x08001154       0x14 ./Core/Src/stm32f4xx_it.o
                0x08001154                SPI1_IRQHandler
 .text.USART1_IRQHandler
                0x08001168       0x14 ./Core/Src/stm32f4xx_it.o
                0x08001168                USART1_IRQHandler
 .text.DMA2_Stream2_IRQHandler
                0x0800117c       0x14 ./Core/Src/stm32f4xx_it.o
                0x0800117c                DMA2_Stream2_IRQHandler
 .text.DMA2_Stream3_IRQHandler
                0x08001190       0x14 ./Core/Src/stm32f4xx_it.o
                0x08001190                DMA2_Stream3_IRQHandler
 .text.SystemInit
                0x080011a4       0x24 ./Core/Src/system_stm32f4xx.o
                0x080011a4                SystemInit
 .text.wrap_angle
                0x080011c8       0x68 ./Core/Src/trig_lookup_tables.o
 .text.fsin     0x08001230       0x5c ./Core/Src/trig_lookup_tables.o
                0x08001230                fsin
 .text.fcos     0x0800128c       0x5c ./Core/Src/trig_lookup_tables.o
                0x0800128c                fcos
 .text.fast_atan2f
                0x080012e8      0x128 ./Core/Src/trig_lookup_tables.o
                0x080012e8                fast_atan2f
 .text.fast_asinf
                0x08001410       0x98 ./Core/Src/trig_lookup_tables.o
                0x08001410                fast_asinf
 .text.fb_set_pixel
                0x080014a8       0x64 ./Core/Src/trig_lookup_tables.o
 .text.horizon_get_framebuffer
                0x0800150c       0x14 ./Core/Src/trig_lookup_tables.o
                0x0800150c                horizon_get_framebuffer
 .text.draw_navball
                0x08001520      0x31c ./Core/Src/trig_lookup_tables.o
                0x08001520                draw_navball
 .text.framebuffer_draw_circle
                0x0800183c      0x114 ./Core/Src/trig_lookup_tables.o
                0x0800183c                framebuffer_draw_circle
 .text.Reset_Handler
                0x08001950       0x50 ./Core/Startup/startup_stm32f411ceux.o
                0x08001950                Reset_Handler
 .text.Default_Handler
                0x080019a0        0x2 ./Core/Startup/startup_stm32f411ceux.o
                0x080019a0                RTC_Alarm_IRQHandler
                0x080019a0                EXTI2_IRQHandler
                0x080019a0                SPI4_IRQHandler
                0x080019a0                TIM1_CC_IRQHandler
                0x080019a0                DMA2_Stream5_IRQHandler
                0x080019a0                DMA1_Stream5_IRQHandler
                0x080019a0                PVD_IRQHandler
                0x080019a0                SDIO_IRQHandler
                0x080019a0                TAMP_STAMP_IRQHandler
                0x080019a0                EXTI3_IRQHandler
                0x080019a0                TIM1_UP_TIM10_IRQHandler
                0x080019a0                I2C3_ER_IRQHandler
                0x080019a0                EXTI0_IRQHandler
                0x080019a0                I2C2_EV_IRQHandler
                0x080019a0                DMA1_Stream2_IRQHandler
                0x080019a0                FPU_IRQHandler
                0x080019a0                TIM1_BRK_TIM9_IRQHandler
                0x080019a0                USART6_IRQHandler
                0x080019a0                DMA2_Stream0_IRQHandler
                0x080019a0                TIM4_IRQHandler
                0x080019a0                I2C1_EV_IRQHandler
                0x080019a0                DMA1_Stream6_IRQHandler
                0x080019a0                DMA1_Stream1_IRQHandler
                0x080019a0                TIM3_IRQHandler
                0x080019a0                RCC_IRQHandler
                0x080019a0                Default_Handler
                0x080019a0                EXTI15_10_IRQHandler
                0x080019a0                ADC_IRQHandler
                0x080019a0                DMA1_Stream7_IRQHandler
                0x080019a0                SPI5_IRQHandler
                0x080019a0                TIM5_IRQHandler
                0x080019a0                DMA2_Stream7_IRQHandler
                0x080019a0                I2C3_EV_IRQHandler
                0x080019a0                EXTI9_5_IRQHandler
                0x080019a0                RTC_WKUP_IRQHandler
                0x080019a0                SPI2_IRQHandler
                0x080019a0                DMA1_Stream0_IRQHandler
                0x080019a0                EXTI4_IRQHandler
                0x080019a0                WWDG_IRQHandler
                0x080019a0                TIM2_IRQHandler
                0x080019a0                OTG_FS_WKUP_IRQHandler
                0x080019a0                TIM1_TRG_COM_TIM11_IRQHandler
                0x080019a0                EXTI1_IRQHandler
                0x080019a0                USART2_IRQHandler
                0x080019a0                I2C2_ER_IRQHandler
                0x080019a0                DMA2_Stream1_IRQHandler
                0x080019a0                FLASH_IRQHandler
                0x080019a0                DMA2_Stream4_IRQHandler
                0x080019a0                OTG_FS_IRQHandler
                0x080019a0                SPI3_IRQHandler
                0x080019a0                DMA1_Stream4_IRQHandler
                0x080019a0                I2C1_ER_IRQHandler
                0x080019a0                DMA2_Stream6_IRQHandler
                0x080019a0                DMA1_Stream3_IRQHandler
 *fill*         0x080019a2        0x2 
 .text.HAL_Init
                0x080019a4       0x44 ./Drivers/STM32F4xx_HAL_Driver/Src/stm32f4xx_hal.o
                0x080019a4                HAL_Init
 .text.HAL_InitTick
                0x080019e8       0x60 ./Drivers/STM32F4xx_HAL_Driver/Src/stm32f4xx_hal.o
                0x080019e8                HAL_InitTick
 .text.HAL_IncTick
                0x08001a48       0x28 ./Drivers/STM32F4xx_HAL_Driver/Src/stm32f4xx_hal.o
                0x08001a48                HAL_IncTick
 .text.HAL_GetTick
                0x08001a70       0x18 ./Drivers/STM32F4xx_HAL_Driver/Src/stm32f4xx_hal.o
                0x08001a70                HAL_GetTick
 .text.HAL_Delay
                0x08001a88       0x48 ./Drivers/STM32F4xx_HAL_Driver/Src/stm32f4xx_hal.o
                0x08001a88                HAL_Delay
 .text.__NVIC_SetPriorityGrouping
                0x08001ad0       0x48 ./Drivers/STM32F4xx_HAL_Driver/Src/stm32f4xx_hal_cortex.o
 .text.__NVIC_GetPriorityGrouping
                0x08001b18       0x1c ./Drivers/STM32F4xx_HAL_Driver/Src/stm32f4xx_hal_cortex.o
 .text.__NVIC_EnableIRQ
                0x08001b34       0x3c ./Drivers/STM32F4xx_HAL_Driver/Src/stm32f4xx_hal_cortex.o
 .text.__NVIC_SetPriority
                0x08001b70       0x54 ./Drivers/STM32F4xx_HAL_Driver/Src/stm32f4xx_hal_cortex.o
 .text.NVIC_EncodePriority
                0x08001bc4       0x66 ./Drivers/STM32F4xx_HAL_Driver/Src/stm32f4xx_hal_cortex.o
 *fill*         0x08001c2a        0x2 
 .text.SysTick_Config
                0x08001c2c       0x44 ./Drivers/STM32F4xx_HAL_Driver/Src/stm32f4xx_hal_cortex.o
 .text.HAL_NVIC_SetPriorityGrouping
                0x08001c70       0x16 ./Drivers/STM32F4xx_HAL_Driver/Src/stm32f4xx_hal_cortex.o
                0x08001c70                HAL_NVIC_SetPriorityGrouping
 .text.HAL_NVIC_SetPriority
                0x08001c86       0x38 ./Drivers/STM32F4xx_HAL_Driver/Src/stm32f4xx_hal_cortex.o
                0x08001c86                HAL_NVIC_SetPriority
 .text.HAL_NVIC_EnableIRQ
                0x08001cbe       0x1c ./Drivers/STM32F4xx_HAL_Driver/Src/stm32f4xx_hal_cortex.o
                0x08001cbe                HAL_NVIC_EnableIRQ
 .text.HAL_SYSTICK_Config
                0x08001cda       0x18 ./Drivers/STM32F4xx_HAL_Driver/Src/stm32f4xx_hal_cortex.o
                0x08001cda                HAL_SYSTICK_Config
 *fill*         0x08001cf2        0x2 
 .text.HAL_DMA_Init
                0x08001cf4      0x15c ./Drivers/STM32F4xx_HAL_Driver/Src/stm32f4xx_hal_dma.o
                0x08001cf4                HAL_DMA_Init
 .text.HAL_DMA_Start_IT
                0x08001e50       0xb0 ./Drivers/STM32F4xx_HAL_Driver/Src/stm32f4xx_hal_dma.o
                0x08001e50                HAL_DMA_Start_IT
 .text.HAL_DMA_Abort
                0x08001f00       0xe0 ./Drivers/STM32F4xx_HAL_Driver/Src/stm32f4xx_hal_dma.o
                0x08001f00                HAL_DMA_Abort
 .text.HAL_DMA_Abort_IT
                0x08001fe0       0x44 ./Drivers/STM32F4xx_HAL_Driver/Src/stm32f4xx_hal_dma.o
                0x08001fe0                HAL_DMA_Abort_IT
 .text.HAL_DMA_IRQHandler
                0x08002024      0x314 ./Drivers/STM32F4xx_HAL_Driver/Src/stm32f4xx_hal_dma.o
                0x08002024                HAL_DMA_IRQHandler
 .text.DMA_SetConfig
                0x08002338       0x5c ./Drivers/STM32F4xx_HAL_Driver/Src/stm32f4xx_hal_dma.o
 .text.DMA_CalcBaseAndBitshift
                0x08002394       0x6c ./Drivers/STM32F4xx_HAL_Driver/Src/stm32f4xx_hal_dma.o
 .text.DMA_CheckFifoParam
                0x08002400       0xf8 ./Drivers/STM32F4xx_HAL_Driver/Src/stm32f4xx_hal_dma.o
 .text.HAL_GPIO_Init
                0x080024f8      0x308 ./Drivers/STM32F4xx_HAL_Driver/Src/stm32f4xx_hal_gpio.o
                0x080024f8                HAL_GPIO_Init
 .text.HAL_GPIO_WritePin
                0x08002800       0x32 ./Drivers/STM32F4xx_HAL_Driver/Src/stm32f4xx_hal_gpio.o
                0x08002800                HAL_GPIO_WritePin
 *fill*         0x08002832        0x2 
 .text.HAL_RCC_OscConfig
                0x08002834      0x4f0 ./Drivers/STM32F4xx_HAL_Driver/Src/stm32f4xx_hal_rcc.o
                0x08002834                HAL_RCC_OscConfig
 .text.HAL_RCC_ClockConfig
                0x08002d24      0x1cc ./Drivers/STM32F4xx_HAL_Driver/Src/stm32f4xx_hal_rcc.o
                0x08002d24                HAL_RCC_ClockConfig
 .text.HAL_RCC_GetSysClockFreq
                0x08002ef0      0x18c ./Drivers/STM32F4xx_HAL_Driver/Src/stm32f4xx_hal_rcc.o
                0x08002ef0                HAL_RCC_GetSysClockFreq
 .text.HAL_RCC_GetHCLKFreq
                0x0800307c       0x18 ./Drivers/STM32F4xx_HAL_Driver/Src/stm32f4xx_hal_rcc.o
                0x0800307c                HAL_RCC_GetHCLKFreq
 .text.HAL_RCC_GetPCLK1Freq
                0x08003094       0x28 ./Drivers/STM32F4xx_HAL_Driver/Src/stm32f4xx_hal_rcc.o
                0x08003094                HAL_RCC_GetPCLK1Freq
 .text.HAL_RCC_GetPCLK2Freq
                0x080030bc       0x28 ./Drivers/STM32F4xx_HAL_Driver/Src/stm32f4xx_hal_rcc.o
                0x080030bc                HAL_RCC_GetPCLK2Freq
 .text.HAL_SPI_Init
                0x080030e4      0x112 ./Drivers/STM32F4xx_HAL_Driver/Src/stm32f4xx_hal_spi.o
                0x080030e4                HAL_SPI_Init
 .text.HAL_SPI_Transmit
                0x080031f6      0x288 ./Drivers/STM32F4xx_HAL_Driver/Src/stm32f4xx_hal_spi.o
                0x080031f6                HAL_SPI_Transmit
 *fill*         0x0800347e        0x2 
 .text.HAL_SPI_Transmit_DMA
                0x08003480      0x164 ./Drivers/STM32F4xx_HAL_Driver/Src/stm32f4xx_hal_spi.o
                0x08003480                HAL_SPI_Transmit_DMA
 .text.HAL_SPI_IRQHandler
                0x080035e4      0x200 ./Drivers/STM32F4xx_HAL_Driver/Src/stm32f4xx_hal_spi.o
                0x080035e4                HAL_SPI_IRQHandler
 .text.HAL_SPI_TxHalfCpltCallback
                0x080037e4       0x14 ./Drivers/STM32F4xx_HAL_Driver/Src/stm32f4xx_hal_spi.o
                0x080037e4                HAL_SPI_TxHalfCpltCallback
 .text.HAL_SPI_ErrorCallback
                0x080037f8       0x14 ./Drivers/STM32F4xx_HAL_Driver/Src/stm32f4xx_hal_spi.o
                0x080037f8                HAL_SPI_ErrorCallback
 .text.SPI_DMATransmitCplt
                0x0800380c       0xa8 ./Drivers/STM32F4xx_HAL_Driver/Src/stm32f4xx_hal_spi.o
 .text.SPI_DMAHalfTransmitCplt
                0x080038b4       0x1c ./Drivers/STM32F4xx_HAL_Driver/Src/stm32f4xx_hal_spi.o
 .text.SPI_DMAError
                0x080038d0       0x40 ./Drivers/STM32F4xx_HAL_Driver/Src/stm32f4xx_hal_spi.o
 .text.SPI_DMAAbortOnError
                0x08003910       0x28 ./Drivers/STM32F4xx_HAL_Driver/Src/stm32f4xx_hal_spi.o
 .text.SPI_WaitFlagStateUntilTimeout
                0x08003938      0x110 ./Drivers/STM32F4xx_HAL_Driver/Src/stm32f4xx_hal_spi.o
 .text.SPI_EndRxTxTransaction
                0x08003a48       0xa8 ./Drivers/STM32F4xx_HAL_Driver/Src/stm32f4xx_hal_spi.o
 .text.HAL_UART_Init
                0x08003af0       0xa0 ./Drivers/STM32F4xx_HAL_Driver/Src/stm32f4xx_hal_uart.o
                0x08003af0                HAL_UART_Init
 .text.HAL_UART_Receive_DMA
                0x08003b90       0x4a ./Drivers/STM32F4xx_HAL_Driver/Src/stm32f4xx_hal_uart.o
                0x08003b90                HAL_UART_Receive_DMA
 *fill*         0x08003bda        0x2 
 .text.HAL_UART_IRQHandler
                0x08003bdc      0x554 ./Drivers/STM32F4xx_HAL_Driver/Src/stm32f4xx_hal_uart.o
                0x08003bdc                HAL_UART_IRQHandler
 .text.HAL_UART_TxCpltCallback
                0x08004130       0x14 ./Drivers/STM32F4xx_HAL_Driver/Src/stm32f4xx_hal_uart.o
                0x08004130                HAL_UART_TxCpltCallback
 .text.HAL_UART_RxHalfCpltCallback
                0x08004144       0x14 ./Drivers/STM32F4xx_HAL_Driver/Src/stm32f4xx_hal_uart.o
                0x08004144                HAL_UART_RxHalfCpltCallback
 .text.HAL_UART_ErrorCallback
                0x08004158       0x14 ./Drivers/STM32F4xx_HAL_Driver/Src/stm32f4xx_hal_uart.o
                0x08004158                HAL_UART_ErrorCallback
 .text.HAL_UARTEx_RxEventCallback
                0x0800416c       0x18 ./Drivers/STM32F4xx_HAL_Driver/Src/stm32f4xx_hal_uart.o
                0x0800416c                HAL_UARTEx_RxEventCallback
 .text.UART_DMAReceiveCplt
                0x08004184      0x12c ./Drivers/STM32F4xx_HAL_Driver/Src/stm32f4xx_hal_uart.o
 .text.UART_DMARxHalfCplt
                0x080042b0       0x3c ./Drivers/STM32F4xx_HAL_Driver/Src/stm32f4xx_hal_uart.o
 .text.UART_DMAError
                0x080042ec       0x94 ./Drivers/STM32F4xx_HAL_Driver/Src/stm32f4xx_hal_uart.o
 .text.UART_Start_Receive_DMA
                0x08004380      0x14c ./Drivers/STM32F4xx_HAL_Driver/Src/stm32f4xx_hal_uart.o
                0x08004380                UART_Start_Receive_DMA
 .text.UART_EndTxTransfer
                0x080044cc       0x50 ./Drivers/STM32F4xx_HAL_Driver/Src/stm32f4xx_hal_uart.o
 .text.UART_EndRxTransfer
                0x0800451c       0xc6 ./Drivers/STM32F4xx_HAL_Driver/Src/stm32f4xx_hal_uart.o
 .text.UART_DMAAbortOnError
                0x080045e2       0x22 ./Drivers/STM32F4xx_HAL_Driver/Src/stm32f4xx_hal_uart.o
 .text.UART_Transmit_IT
                0x08004604       0xa0 ./Drivers/STM32F4xx_HAL_Driver/Src/stm32f4xx_hal_uart.o
 .text.UART_EndTransmit_IT
                0x080046a4       0x30 ./Drivers/STM32F4xx_HAL_Driver/Src/stm32f4xx_hal_uart.o
 .text.UART_Receive_IT
                0x080046d4      0x17c ./Drivers/STM32F4xx_HAL_Driver/Src/stm32f4xx_hal_uart.o
 .text.UART_SetConfig
                0x08004850      0x4e8 ./Drivers/STM32F4xx_HAL_Driver/Src/stm32f4xx_hal_uart.o
 .text.memset   0x08004d38       0x10 C:/ST/STM32CubeIDE_1.19.0/STM32CubeIDE/plugins/com.st.stm32cube.ide.mcu.externaltools.gnu-tools-for-stm32.13.3.rel1.win32_1.0.0.202411081344/tools/bin/../lib/gcc/arm-none-eabi/13.3.1/../../../../arm-none-eabi/lib/thumb/v7e-m+fp/hard\libc_nano.a(libc_a-memset.o)
                0x08004d38                memset
 .text.__errno  0x08004d48        0xc C:/ST/STM32CubeIDE_1.19.0/STM32CubeIDE/plugins/com.st.stm32cube.ide.mcu.externaltools.gnu-tools-for-stm32.13.3.rel1.win32_1.0.0.202411081344/tools/bin/../lib/gcc/arm-none-eabi/13.3.1/../../../../arm-none-eabi/lib/thumb/v7e-m+fp/hard\libc_nano.a(libc_a-errno.o)
                0x08004d48                __errno
 .text.__libc_init_array
                0x08004d54       0x48 C:/ST/STM32CubeIDE_1.19.0/STM32CubeIDE/plugins/com.st.stm32cube.ide.mcu.externaltools.gnu-tools-for-stm32.13.3.rel1.win32_1.0.0.202411081344/tools/bin/../lib/gcc/arm-none-eabi/13.3.1/../../../../arm-none-eabi/lib/thumb/v7e-m+fp/hard\libc_nano.a(libc_a-init.o)
                0x08004d54                __libc_init_array
 .text.sqrtf    0x08004d9c       0x3c C:/ST/STM32CubeIDE_1.19.0/STM32CubeIDE/plugins/com.st.stm32cube.ide.mcu.externaltools.gnu-tools-for-stm32.13.3.rel1.win32_1.0.0.202411081344/tools/bin/../lib/gcc/arm-none-eabi/13.3.1/../../../../arm-none-eabi/lib/thumb/v7e-m+fp/hard\libm.a(libm_a-wf_sqrt.o)
                0x08004d9c                sqrtf
 .text.__ieee754_sqrtf
                0x08004dd8        0x6 C:/ST/STM32CubeIDE_1.19.0/STM32CubeIDE/plugins/com.st.stm32cube.ide.mcu.externaltools.gnu-tools-for-stm32.13.3.rel1.win32_1.0.0.202411081344/tools/bin/../lib/gcc/arm-none-eabi/13.3.1/../../../../arm-none-eabi/lib/thumb/v7e-m+fp/hard\libm.a(libm_a-ef_sqrt.o)
                0x08004dd8                __ieee754_sqrtf
 *(.glue_7)
 .glue_7        0x08004dde        0x0 linker stubs
 *(.glue_7t)
 .glue_7t       0x08004dde        0x0 linker stubs
 *(.eh_frame)
 *fill*         0x08004dde        0x2 
 .eh_frame      0x08004de0        0x0 C:/ST/STM32CubeIDE_1.19.0/STM32CubeIDE/plugins/com.st.stm32cube.ide.mcu.externaltools.gnu-tools-for-stm32.13.3.rel1.win32_1.0.0.202411081344/tools/bin/../lib/gcc/arm-none-eabi/13.3.1/thumb/v7e-m+fp/hard/crtbegin.o
 *(.init)
 .init          0x08004de0        0x4 C:/ST/STM32CubeIDE_1.19.0/STM32CubeIDE/plugins/com.st.stm32cube.ide.mcu.externaltools.gnu-tools-for-stm32.13.3.rel1.win32_1.0.0.202411081344/tools/bin/../lib/gcc/arm-none-eabi/13.3.1/thumb/v7e-m+fp/hard/crti.o
                0x08004de0                _init
 .init          0x08004de4        0x8 C:/ST/STM32CubeIDE_1.19.0/STM32CubeIDE/plugins/com.st.stm32cube.ide.mcu.externaltools.gnu-tools-for-stm32.13.3.rel1.win32_1.0.0.202411081344/tools/bin/../lib/gcc/arm-none-eabi/13.3.1/thumb/v7e-m+fp/hard/crtn.o
 *(.fini)
 .fini          0x08004dec        0x4 C:/ST/STM32CubeIDE_1.19.0/STM32CubeIDE/plugins/com.st.stm32cube.ide.mcu.externaltools.gnu-tools-for-stm32.13.3.rel1.win32_1.0.0.202411081344/tools/bin/../lib/gcc/arm-none-eabi/13.3.1/thumb/v7e-m+fp/hard/crti.o
                0x08004dec                _fini
 .fini          0x08004df0        0x8 C:/ST/STM32CubeIDE_1.19.0/STM32CubeIDE/plugins/com.st.stm32cube.ide.mcu.externaltools.gnu-tools-for-stm32.13.3.rel1.win32_1.0.0.202411081344/tools/bin/../lib/gcc/arm-none-eabi/13.3.1/thumb/v7e-m+fp/hard/crtn.o
                0x08004df8                        . = ALIGN (0x4)
                0x08004df8                        _etext = .

.vfp11_veneer   0x08004df8        0x0
 .vfp11_veneer  0x08004df8        0x0 linker stubs

.v4_bx          0x08004df8        0x0
 .v4_bx         0x08004df8        0x0 linker stubs

.iplt           0x08004df8        0x0
 .iplt          0x08004df8        0x0 C:/ST/STM32CubeIDE_1.19.0/STM32CubeIDE/plugins/com.st.stm32cube.ide.mcu.externaltools.gnu-tools-for-stm32.13.3.rel1.win32_1.0.0.202411081344/tools/bin/../lib/gcc/arm-none-eabi/13.3.1/thumb/v7e-m+fp/hard/crtbegin.o

.rodata         0x08004df8    0x113fc
                0x08004df8                        . = ALIGN (0x4)
 *(.rodata)
 .rodata        0x08004df8       0x18 ./Core/Src/main.o
 *(.rodata*)
 .rodata.navball_texture_256_128
                0x08004e10    0x10000 ./Core/Src/navball_texture_256_128.o
                0x08004e10                navball_texture_256_128
 .rodata.init_seq
                0x08014e10       0x13 ./Core/Src/st7735s.o
 *fill*         0x08014e23        0x1 
 .rodata.AHBPrescTable
                0x08014e24       0x10 ./Core/Src/system_stm32f4xx.o
                0x08014e24                AHBPrescTable
 .rodata.APBPrescTable
                0x08014e34        0x8 ./Core/Src/system_stm32f4xx.o
                0x08014e34                APBPrescTable
 .rodata.sin_table
                0x08014e3c      0x9d8 ./Core/Src/trig_lookup_tables.o
                0x08014e3c                sin_table
 .rodata.cos_table
                0x08015814      0x9d8 ./Core/Src/trig_lookup_tables.o
                0x08015814                cos_table
 .rodata.flagBitshiftOffset.0
                0x080161ec        0x8 ./Drivers/STM32F4xx_HAL_Driver/Src/stm32f4xx_hal_dma.o
                0x080161f4                        . = ALIGN (0x4)

.ARM.extab      0x080161f4        0x0
                0x080161f4                        . = ALIGN (0x4)
 *(.ARM.extab* .gnu.linkonce.armextab.*)
                0x080161f4                        . = ALIGN (0x4)

.ARM            0x080161f4        0x8
                0x080161f4                        . = ALIGN (0x4)
                0x080161f4                        __exidx_start = .
 *(.ARM.exidx*)
 .ARM.exidx     0x080161f4        0x8 C:/ST/STM32CubeIDE_1.19.0/STM32CubeIDE/plugins/com.st.stm32cube.ide.mcu.externaltools.gnu-tools-for-stm32.13.3.rel1.win32_1.0.0.202411081344/tools/bin/../lib/gcc/arm-none-eabi/13.3.1/thumb/v7e-m+fp/hard\libgcc.a(_udivmoddi4.o)
                0x080161fc                        __exidx_end = .
                0x080161fc                        . = ALIGN (0x4)

.preinit_array  0x080161fc        0x0
                0x080161fc                        . = ALIGN (0x4)
                0x080161fc                        PROVIDE (__preinit_array_start = .)
 *(.preinit_array*)
                0x080161fc                        PROVIDE (__preinit_array_end = .)
                0x080161fc                        . = ALIGN (0x4)

.init_array     0x080161fc        0x4
                0x080161fc                        . = ALIGN (0x4)
                0x080161fc                        PROVIDE (__init_array_start = .)
 *(SORT_BY_NAME(.init_array.*))
 *(.init_array*)
 .init_array    0x080161fc        0x4 C:/ST/STM32CubeIDE_1.19.0/STM32CubeIDE/plugins/com.st.stm32cube.ide.mcu.externaltools.gnu-tools-for-stm32.13.3.rel1.win32_1.0.0.202411081344/tools/bin/../lib/gcc/arm-none-eabi/13.3.1/thumb/v7e-m+fp/hard/crtbegin.o
                0x08016200                        PROVIDE (__init_array_end = .)
                0x08016200                        . = ALIGN (0x4)

.fini_array     0x08016200        0x4
                0x08016200                        . = ALIGN (0x4)
                [!provide]                        PROVIDE (__fini_array_start = .)
 *(SORT_BY_NAME(.fini_array.*))
 *(.fini_array*)
 .fini_array    0x08016200        0x4 C:/ST/STM32CubeIDE_1.19.0/STM32CubeIDE/plugins/com.st.stm32cube.ide.mcu.externaltools.gnu-tools-for-stm32.13.3.rel1.win32_1.0.0.202411081344/tools/bin/../lib/gcc/arm-none-eabi/13.3.1/thumb/v7e-m+fp/hard/crtbegin.o
                [!provide]                        PROVIDE (__fini_array_end = .)
                0x08016204                        . = ALIGN (0x4)
                0x08016204                        _sidata = LOADADDR (.data)

.rel.dyn        0x08016204        0x0
 .rel.iplt      0x08016204        0x0 C:/ST/STM32CubeIDE_1.19.0/STM32CubeIDE/plugins/com.st.stm32cube.ide.mcu.externaltools.gnu-tools-for-stm32.13.3.rel1.win32_1.0.0.202411081344/tools/bin/../lib/gcc/arm-none-eabi/13.3.1/thumb/v7e-m+fp/hard/crtbegin.o

.data           0x20000000       0x5c load address 0x08016204
                0x20000000                        . = ALIGN (0x4)
                0x20000000                        _sdata = .
 *(.data)
 *(.data*)
 .data.SystemCoreClock
                0x20000000        0x4 ./Core/Src/system_stm32f4xx.o
                0x20000000                SystemCoreClock
 .data.uwTickPrio
                0x20000004        0x4 ./Drivers/STM32F4xx_HAL_Driver/Src/stm32f4xx_hal.o
                0x20000004                uwTickPrio
 .data.uwTickFreq
                0x20000008        0x1 ./Drivers/STM32F4xx_HAL_Driver/Src/stm32f4xx_hal.o
                0x20000008                uwTickFreq
 *fill*         0x20000009        0x3 
 .data._impure_ptr
                0x2000000c        0x4 C:/ST/STM32CubeIDE_1.19.0/STM32CubeIDE/plugins/com.st.stm32cube.ide.mcu.externaltools.gnu-tools-for-stm32.13.3.rel1.win32_1.0.0.202411081344/tools/bin/../lib/gcc/arm-none-eabi/13.3.1/../../../../arm-none-eabi/lib/thumb/v7e-m+fp/hard\libc_nano.a(libc_a-impure.o)
                0x2000000c                _impure_ptr
 .data._impure_data
                0x20000010       0x4c C:/ST/STM32CubeIDE_1.19.0/STM32CubeIDE/plugins/com.st.stm32cube.ide.mcu.externaltools.gnu-tools-for-stm32.13.3.rel1.win32_1.0.0.202411081344/tools/bin/../lib/gcc/arm-none-eabi/13.3.1/../../../../arm-none-eabi/lib/thumb/v7e-m+fp/hard\libc_nano.a(libc_a-impure.o)
                0x20000010                _impure_data
 *(.RamFunc)
 *(.RamFunc*)
                0x2000005c                        . = ALIGN (0x4)
                0x2000005c                        _edata = .

.igot.plt       0x2000005c        0x0 load address 0x08016260
 .igot.plt      0x2000005c        0x0 C:/ST/STM32CubeIDE_1.19.0/STM32CubeIDE/plugins/com.st.stm32cube.ide.mcu.externaltools.gnu-tools-for-stm32.13.3.rel1.win32_1.0.0.202411081344/tools/bin/../lib/gcc/arm-none-eabi/13.3.1/thumb/v7e-m+fp/hard/crtbegin.o
                0x2000005c                        . = ALIGN (0x4)

.bss            0x2000005c     0xa2e8 load address 0x08016260
                0x2000005c                        _sbss = .
                0x2000005c                        __bss_start__ = _sbss
 *(.bss)
 .bss           0x2000005c       0x1c C:/ST/STM32CubeIDE_1.19.0/STM32CubeIDE/plugins/com.st.stm32cube.ide.mcu.externaltools.gnu-tools-for-stm32.13.3.rel1.win32_1.0.0.202411081344/tools/bin/../lib/gcc/arm-none-eabi/13.3.1/thumb/v7e-m+fp/hard/crtbegin.o
 *(.bss*)
 .bss.hspi1     0x20000078       0x58 ./Core/Src/main.o
                0x20000078                hspi1
 .bss.hdma_spi1_tx
                0x200000d0       0x60 ./Core/Src/main.o
                0x200000d0                hdma_spi1_tx
 .bss.huart1    0x20000130       0x48 ./Core/Src/main.o
                0x20000130                huart1
 .bss.hdma_usart1_rx
                0x20000178       0x60 ./Core/Src/main.o
                0x20000178                hdma_usart1_rx
 .bss.lcd_obj   0x200001d8       0x20 ./Core/Src/main.o
                0x200001d8                lcd_obj
 .bss.latest_packet
                0x200001f8        0x7 ./Core/Src/main.o
                0x200001f8                latest_packet
 *fill*         0x200001ff        0x1 
 .bss.rx_uart_dma
                0x20000200        0x7 ./Core/Src/main.o
                0x20000200                rx_uart_dma
 .bss.data_ready
                0x20000207        0x1 ./Core/Src/main.o
                0x20000207                data_ready
 .bss.framebuffer
                0x20000208     0xa000 ./Core/Src/trig_lookup_tables.o
 .bss.uwTick    0x2000a208        0x4 ./Drivers/STM32F4xx_HAL_Driver/Src/stm32f4xx_hal.o
                0x2000a208                uwTick
 .bss.__sf      0x2000a20c      0x138 C:/ST/STM32CubeIDE_1.19.0/STM32CubeIDE/plugins/com.st.stm32cube.ide.mcu.externaltools.gnu-tools-for-stm32.13.3.rel1.win32_1.0.0.202411081344/tools/bin/../lib/gcc/arm-none-eabi/13.3.1/../../../../arm-none-eabi/lib/thumb/v7e-m+fp/hard\libc_nano.a(libc_a-findfp.o)
                0x2000a20c                __sf
 *(COMMON)
                0x2000a344                        . = ALIGN (0x4)
                0x2000a344                        _ebss = .
                0x2000a344                        __bss_end__ = _ebss

._user_heap_stack
                0x2000a344      0x604 load address 0x08016260
                0x2000a348                        . = ALIGN (0x8)
 *fill*         0x2000a344        0x4 
                [!provide]                        PROVIDE (end = .)
                0x2000a348                        PROVIDE (_end = .)
                0x2000a548                        . = (. + _Min_Heap_Size)
 *fill*         0x2000a348      0x200 
                0x2000a948                        . = (. + _Min_Stack_Size)
 *fill*         0x2000a548      0x400 
                0x2000a948                        . = ALIGN (0x8)

/DISCARD/
 libc.a(*)
 libm.a(*)
 libgcc.a(*)

.ARM.attributes
                0x00000000       0x30
 *(.ARM.attributes)
 .ARM.attributes
                0x00000000       0x22 C:/ST/STM32CubeIDE_1.19.0/STM32CubeIDE/plugins/com.st.stm32cube.ide.mcu.externaltools.gnu-tools-for-stm32.13.3.rel1.win32_1.0.0.202411081344/tools/bin/../lib/gcc/arm-none-eabi/13.3.1/thumb/v7e-m+fp/hard/crti.o
 .ARM.attributes
                0x00000022       0x34 C:/ST/STM32CubeIDE_1.19.0/STM32CubeIDE/plugins/com.st.stm32cube.ide.mcu.externaltools.gnu-tools-for-stm32.13.3.rel1.win32_1.0.0.202411081344/tools/bin/../lib/gcc/arm-none-eabi/13.3.1/thumb/v7e-m+fp/hard/crtbegin.o
 .ARM.attributes
                0x00000056       0x34 ./Core/Src/main.o
 .ARM.attributes
                0x0000008a       0x34 ./Core/Src/navball_texture_256_128.o
 .ARM.attributes
                0x000000be       0x34 ./Core/Src/st7735s.o
 .ARM.attributes
                0x000000f2       0x34 ./Core/Src/stm32f4xx_hal_msp.o
 .ARM.attributes
                0x00000126       0x34 ./Core/Src/stm32f4xx_it.o
 .ARM.attributes
                0x0000015a       0x34 ./Core/Src/system_stm32f4xx.o
 .ARM.attributes
                0x0000018e       0x34 ./Core/Src/trig_lookup_tables.o
 .ARM.attributes
                0x000001c2       0x21 ./Core/Startup/startup_stm32f411ceux.o
 .ARM.attributes
                0x000001e3       0x34 ./Drivers/STM32F4xx_HAL_Driver/Src/stm32f4xx_hal.o
 .ARM.attributes
                0x00000217       0x34 ./Drivers/STM32F4xx_HAL_Driver/Src/stm32f4xx_hal_cortex.o
 .ARM.attributes
                0x0000024b       0x34 ./Drivers/STM32F4xx_HAL_Driver/Src/stm32f4xx_hal_dma.o
 .ARM.attributes
                0x0000027f       0x34 ./Drivers/STM32F4xx_HAL_Driver/Src/stm32f4xx_hal_gpio.o
 .ARM.attributes
                0x000002b3       0x34 ./Drivers/STM32F4xx_HAL_Driver/Src/stm32f4xx_hal_rcc.o
 .ARM.attributes
                0x000002e7       0x34 ./Drivers/STM32F4xx_HAL_Driver/Src/stm32f4xx_hal_spi.o
 .ARM.attributes
                0x0000031b       0x34 ./Drivers/STM32F4xx_HAL_Driver/Src/stm32f4xx_hal_uart.o
 .ARM.attributes
                0x0000034f       0x34 C:/ST/STM32CubeIDE_1.19.0/STM32CubeIDE/plugins/com.st.stm32cube.ide.mcu.externaltools.gnu-tools-for-stm32.13.3.rel1.win32_1.0.0.202411081344/tools/bin/../lib/gcc/arm-none-eabi/13.3.1/../../../../arm-none-eabi/lib/thumb/v7e-m+fp/hard\libc_nano.a(libc_a-findfp.o)
 .ARM.attributes
                0x00000383       0x34 C:/ST/STM32CubeIDE_1.19.0/STM32CubeIDE/plugins/com.st.stm32cube.ide.mcu.externaltools.gnu-tools-for-stm32.13.3.rel1.win32_1.0.0.202411081344/tools/bin/../lib/gcc/arm-none-eabi/13.3.1/../../../../arm-none-eabi/lib/thumb/v7e-m+fp/hard\libc_nano.a(libc_a-memset.o)
 .ARM.attributes
                0x000003b7       0x34 C:/ST/STM32CubeIDE_1.19.0/STM32CubeIDE/plugins/com.st.stm32cube.ide.mcu.externaltools.gnu-tools-for-stm32.13.3.rel1.win32_1.0.0.202411081344/tools/bin/../lib/gcc/arm-none-eabi/13.3.1/../../../../arm-none-eabi/lib/thumb/v7e-m+fp/hard\libc_nano.a(libc_a-impure.o)
 .ARM.attributes
                0x000003eb       0x34 C:/ST/STM32CubeIDE_1.19.0/STM32CubeIDE/plugins/com.st.stm32cube.ide.mcu.externaltools.gnu-tools-for-stm32.13.3.rel1.win32_1.0.0.202411081344/tools/bin/../lib/gcc/arm-none-eabi/13.3.1/../../../../arm-none-eabi/lib/thumb/v7e-m+fp/hard\libc_nano.a(libc_a-errno.o)
 .ARM.attributes
                0x0000041f       0x34 C:/ST/STM32CubeIDE_1.19.0/STM32CubeIDE/plugins/com.st.stm32cube.ide.mcu.externaltools.gnu-tools-for-stm32.13.3.rel1.win32_1.0.0.202411081344/tools/bin/../lib/gcc/arm-none-eabi/13.3.1/../../../../arm-none-eabi/lib/thumb/v7e-m+fp/hard\libc_nano.a(libc_a-init.o)
 .ARM.attributes
                0x00000453       0x34 C:/ST/STM32CubeIDE_1.19.0/STM32CubeIDE/plugins/com.st.stm32cube.ide.mcu.externaltools.gnu-tools-for-stm32.13.3.rel1.win32_1.0.0.202411081344/tools/bin/../lib/gcc/arm-none-eabi/13.3.1/../../../../arm-none-eabi/lib/thumb/v7e-m+fp/hard\libm.a(libm_a-wf_sqrt.o)
 .ARM.attributes
                0x00000487       0x34 C:/ST/STM32CubeIDE_1.19.0/STM32CubeIDE/plugins/com.st.stm32cube.ide.mcu.externaltools.gnu-tools-for-stm32.13.3.rel1.win32_1.0.0.202411081344/tools/bin/../lib/gcc/arm-none-eabi/13.3.1/../../../../arm-none-eabi/lib/thumb/v7e-m+fp/hard\libm.a(libm_a-ef_sqrt.o)
 .ARM.attributes
                0x000004bb       0x22 C:/ST/STM32CubeIDE_1.19.0/STM32CubeIDE/plugins/com.st.stm32cube.ide.mcu.externaltools.gnu-tools-for-stm32.13.3.rel1.win32_1.0.0.202411081344/tools/bin/../lib/gcc/arm-none-eabi/13.3.1/thumb/v7e-m+fp/hard\libgcc.a(_aeabi_uldivmod.o)
 .ARM.attributes
                0x000004dd       0x34 C:/ST/STM32CubeIDE_1.19.0/STM32CubeIDE/plugins/com.st.stm32cube.ide.mcu.externaltools.gnu-tools-for-stm32.13.3.rel1.win32_1.0.0.202411081344/tools/bin/../lib/gcc/arm-none-eabi/13.3.1/thumb/v7e-m+fp/hard\libgcc.a(_udivmoddi4.o)
 .ARM.attributes
                0x00000511       0x22 C:/ST/STM32CubeIDE_1.19.0/STM32CubeIDE/plugins/com.st.stm32cube.ide.mcu.externaltools.gnu-tools-for-stm32.13.3.rel1.win32_1.0.0.202411081344/tools/bin/../lib/gcc/arm-none-eabi/13.3.1/thumb/v7e-m+fp/hard\libgcc.a(_dvmd_tls.o)
 .ARM.attributes
                0x00000533       0x22 C:/ST/STM32CubeIDE_1.19.0/STM32CubeIDE/plugins/com.st.stm32cube.ide.mcu.externaltools.gnu-tools-for-stm32.13.3.rel1.win32_1.0.0.202411081344/tools/bin/../lib/gcc/arm-none-eabi/13.3.1/thumb/v7e-m+fp/hard/crtn.o
OUTPUT(STM32F411CEU6_KSP_NAVBALL.elf elf32-littlearm)
LOAD linker stubs
LOAD C:/ST/STM32CubeIDE_1.19.0/STM32CubeIDE/plugins/com.st.stm32cube.ide.mcu.externaltools.gnu-tools-for-stm32.13.3.rel1.win32_1.0.0.202411081344/tools/bin/../lib/gcc/arm-none-eabi/13.3.1/../../../../arm-none-eabi/lib/thumb/v7e-m+fp/hard\libc.a
LOAD C:/ST/STM32CubeIDE_1.19.0/STM32CubeIDE/plugins/com.st.stm32cube.ide.mcu.externaltools.gnu-tools-for-stm32.13.3.rel1.win32_1.0.0.202411081344/tools/bin/../lib/gcc/arm-none-eabi/13.3.1/../../../../arm-none-eabi/lib/thumb/v7e-m+fp/hard\libm.a
LOAD C:/ST/STM32CubeIDE_1.19.0/STM32CubeIDE/plugins/com.st.stm32cube.ide.mcu.externaltools.gnu-tools-for-stm32.13.3.rel1.win32_1.0.0.202411081344/tools/bin/../lib/gcc/arm-none-eabi/13.3.1/thumb/v7e-m+fp/hard\libgcc.a

.debug_info     0x00000000     0xb8dd
 .debug_info    0x00000000     0x1388 ./Core/Src/main.o
 .debug_info    0x00001388       0xb6 ./Core/Src/navball_texture_256_128.o
 .debug_info    0x0000143e      0xdbf ./Core/Src/st7735s.o
 .debug_info    0x000021fd      0xe63 ./Core/Src/stm32f4xx_hal_msp.o
 .debug_info    0x00003060      0x920 ./Core/Src/stm32f4xx_it.o
 .debug_info    0x00003980      0x53e ./Core/Src/system_stm32f4xx.o
 .debug_info    0x00003ebe      0x6c6 ./Core/Src/trig_lookup_tables.o
 .debug_info    0x00004584       0x30 ./Core/Startup/startup_stm32f411ceux.o
 .debug_info    0x000045b4      0x8c4 ./Drivers/STM32F4xx_HAL_Driver/Src/stm32f4xx_hal.o
 .debug_info    0x00004e78      0xcfc ./Drivers/STM32F4xx_HAL_Driver/Src/stm32f4xx_hal_cortex.o
 .debug_info    0x00005b74      0x8e6 ./Drivers/STM32F4xx_HAL_Driver/Src/stm32f4xx_hal_dma.o
 .debug_info    0x0000645a      0x6f9 ./Drivers/STM32F4xx_HAL_Driver/Src/stm32f4xx_hal_gpio.o
 .debug_info    0x00006b53      0x904 ./Drivers/STM32F4xx_HAL_Driver/Src/stm32f4xx_hal_rcc.o
 .debug_info    0x00007457     0x1530 ./Drivers/STM32F4xx_HAL_Driver/Src/stm32f4xx_hal_spi.o
 .debug_info    0x00008987     0x2f56 ./Drivers/STM32F4xx_HAL_Driver/Src/stm32f4xx_hal_uart.o

.debug_abbrev   0x00000000     0x1e7b
 .debug_abbrev  0x00000000      0x2ff ./Core/Src/main.o
 .debug_abbrev  0x000002ff       0x72 ./Core/Src/navball_texture_256_128.o
 .debug_abbrev  0x00000371      0x281 ./Core/Src/st7735s.o
 .debug_abbrev  0x000005f2      0x20c ./Core/Src/stm32f4xx_hal_msp.o
 .debug_abbrev  0x000007fe      0x187 ./Core/Src/stm32f4xx_it.o
 .debug_abbrev  0x00000985      0x11a ./Core/Src/system_stm32f4xx.o
 .debug_abbrev  0x00000a9f      0x215 ./Core/Src/trig_lookup_tables.o
 .debug_abbrev  0x00000cb4       0x24 ./Core/Startup/startup_stm32f411ceux.o
 .debug_abbrev  0x00000cd8      0x24b ./Drivers/STM32F4xx_HAL_Driver/Src/stm32f4xx_hal.o
 .debug_abbrev  0x00000f23      0x31d ./Drivers/STM32F4xx_HAL_Driver/Src/stm32f4xx_hal_cortex.o
 .debug_abbrev  0x00001240      0x221 ./Drivers/STM32F4xx_HAL_Driver/Src/stm32f4xx_hal_dma.o
 .debug_abbrev  0x00001461      0x1d3 ./Drivers/STM32F4xx_HAL_Driver/Src/stm32f4xx_hal_gpio.o
 .debug_abbrev  0x00001634      0x2b6 ./Drivers/STM32F4xx_HAL_Driver/Src/stm32f4xx_hal_rcc.o
 .debug_abbrev  0x000018ea      0x276 ./Drivers/STM32F4xx_HAL_Driver/Src/stm32f4xx_hal_spi.o
 .debug_abbrev  0x00001b60      0x31b ./Drivers/STM32F4xx_HAL_Driver/Src/stm32f4xx_hal_uart.o

.debug_aranges  0x00000000      0x9f8
 .debug_aranges
                0x00000000       0x60 ./Core/Src/main.o
 .debug_aranges
                0x00000060       0x18 ./Core/Src/navball_texture_256_128.o
 .debug_aranges
                0x00000078       0xa0 ./Core/Src/st7735s.o
 .debug_aranges
                0x00000118       0x40 ./Core/Src/stm32f4xx_hal_msp.o
 .debug_aranges
                0x00000158       0x80 ./Core/Src/stm32f4xx_it.o
 .debug_aranges
                0x000001d8       0x28 ./Core/Src/system_stm32f4xx.o
 .debug_aranges
                0x00000200       0x68 ./Core/Src/trig_lookup_tables.o
 .debug_aranges
                0x00000268       0x28 ./Core/Startup/startup_stm32f411ceux.o
 .debug_aranges
                0x00000290       0xf0 ./Drivers/STM32F4xx_HAL_Driver/Src/stm32f4xx_hal.o
 .debug_aranges
                0x00000380      0x130 ./Drivers/STM32F4xx_HAL_Driver/Src/stm32f4xx_hal_cortex.o
 .debug_aranges
                0x000004b0       0x90 ./Drivers/STM32F4xx_HAL_Driver/Src/stm32f4xx_hal_dma.o
 .debug_aranges
                0x00000540       0x58 ./Drivers/STM32F4xx_HAL_Driver/Src/stm32f4xx_hal_gpio.o
 .debug_aranges
                0x00000598       0x88 ./Drivers/STM32F4xx_HAL_Driver/Src/stm32f4xx_hal_rcc.o
 .debug_aranges
                0x00000620      0x1d0 ./Drivers/STM32F4xx_HAL_Driver/Src/stm32f4xx_hal_spi.o
 .debug_aranges
                0x000007f0      0x208 ./Drivers/STM32F4xx_HAL_Driver/Src/stm32f4xx_hal_uart.o

.debug_rnglists
                0x00000000      0x7a2
 .debug_rnglists
                0x00000000       0x46 ./Core/Src/main.o
 .debug_rnglists
                0x00000046       0x84 ./Core/Src/st7735s.o
 .debug_rnglists
                0x000000ca       0x2d ./Core/Src/stm32f4xx_hal_msp.o
 .debug_rnglists
                0x000000f7       0x5b ./Core/Src/stm32f4xx_it.o
 .debug_rnglists
                0x00000152       0x1a ./Core/Src/system_stm32f4xx.o
 .debug_rnglists
                0x0000016c       0x4e ./Core/Src/trig_lookup_tables.o
 .debug_rnglists
                0x000001ba       0x19 ./Core/Startup/startup_stm32f411ceux.o
 .debug_rnglists
                0x000001d3       0xaf ./Drivers/STM32F4xx_HAL_Driver/Src/stm32f4xx_hal.o
 .debug_rnglists
                0x00000282       0xe0 ./Drivers/STM32F4xx_HAL_Driver/Src/stm32f4xx_hal_cortex.o
 .debug_rnglists
                0x00000362       0x70 ./Drivers/STM32F4xx_HAL_Driver/Src/stm32f4xx_hal_dma.o
 .debug_rnglists
                0x000003d2       0x3f ./Drivers/STM32F4xx_HAL_Driver/Src/stm32f4xx_hal_gpio.o
 .debug_rnglists
                0x00000411       0x66 ./Drivers/STM32F4xx_HAL_Driver/Src/stm32f4xx_hal_rcc.o
 .debug_rnglists
                0x00000477      0x16f ./Drivers/STM32F4xx_HAL_Driver/Src/stm32f4xx_hal_spi.o
 .debug_rnglists
                0x000005e6      0x1bc ./Drivers/STM32F4xx_HAL_Driver/Src/stm32f4xx_hal_uart.o

.debug_macro    0x00000000    0x1611f
 .debug_macro   0x00000000      0x30a ./Core/Src/main.o
 .debug_macro   0x0000030a      0xad8 ./Core/Src/main.o
 .debug_macro   0x00000de2      0x29b ./Core/Src/main.o
 .debug_macro   0x0000107d       0x2e ./Core/Src/main.o
 .debug_macro   0x000010ab       0x28 ./Core/Src/main.o
 .debug_macro   0x000010d3       0x22 ./Core/Src/main.o
 .debug_macro   0x000010f5       0x8e ./Core/Src/main.o
 .debug_macro   0x00001183       0x51 ./Core/Src/main.o
 .debug_macro   0x000011d4      0x103 ./Core/Src/main.o
 .debug_macro   0x000012d7       0x6a ./Core/Src/main.o
 .debug_macro   0x00001341      0x1df ./Core/Src/main.o
 .debug_macro   0x00001520       0x1c ./Core/Src/main.o
 .debug_macro   0x0000153c       0x22 ./Core/Src/main.o
 .debug_macro   0x0000155e       0xfb ./Core/Src/main.o
 .debug_macro   0x00001659     0x1011 ./Core/Src/main.o
 .debug_macro   0x0000266a      0x11f ./Core/Src/main.o
 .debug_macro   0x00002789     0xb968 ./Core/Src/main.o
 .debug_macro   0x0000e0f1       0x6d ./Core/Src/main.o
 .debug_macro   0x0000e15e     0x3693 ./Core/Src/main.o
 .debug_macro   0x000117f1      0x190 ./Core/Src/main.o
 .debug_macro   0x00011981       0x5c ./Core/Src/main.o
 .debug_macro   0x000119dd      0x45c ./Core/Src/main.o
 .debug_macro   0x00011e39      0x9e9 ./Core/Src/main.o
 .debug_macro   0x00012822      0x115 ./Core/Src/main.o
 .debug_macro   0x00012937      0x11b ./Core/Src/main.o
 .debug_macro   0x00012a52       0xa5 ./Core/Src/main.o
 .debug_macro   0x00012af7      0x15f ./Core/Src/main.o
 .debug_macro   0x00012c56      0x287 ./Core/Src/main.o
 .debug_macro   0x00012edd       0x5f ./Core/Src/main.o
 .debug_macro   0x00012f3c      0x236 ./Core/Src/main.o
 .debug_macro   0x00013172      0x132 ./Core/Src/main.o
 .debug_macro   0x000132a4      0x264 ./Core/Src/main.o
 .debug_macro   0x00013508       0x2e ./Core/Src/main.o
 .debug_macro   0x00013536      0x127 ./Core/Src/main.o
 .debug_macro   0x0001365d       0x85 ./Core/Src/main.o
 .debug_macro   0x000136e2       0x89 ./Core/Src/main.o
 .debug_macro   0x0001376b      0x225 ./Core/Src/main.o
 .debug_macro   0x00013990      0x2aa ./Core/Src/main.o
 .debug_macro   0x00013c3a      0x126 ./Core/Src/main.o
 .debug_macro   0x00013d60       0x28 ./Core/Src/main.o
 .debug_macro   0x00013d88       0x1c ./Core/Src/main.o
 .debug_macro   0x00013da4       0x64 ./Core/Src/main.o
 .debug_macro   0x00013e08       0x61 ./Core/Src/main.o
 .debug_macro   0x00013e69       0x2a ./Core/Src/main.o
 .debug_macro   0x00013e93       0x43 ./Core/Src/main.o
 .debug_macro   0x00013ed6       0x34 ./Core/Src/main.o
 .debug_macro   0x00013f0a      0x370 ./Core/Src/main.o
 .debug_macro   0x0001427a       0x16 ./Core/Src/main.o
 .debug_macro   0x00014290       0x4a ./Core/Src/main.o
 .debug_macro   0x000142da       0x34 ./Core/Src/main.o
 .debug_macro   0x0001430e       0x10 ./Core/Src/main.o
 .debug_macro   0x0001431e       0x58 ./Core/Src/main.o
 .debug_macro   0x00014376       0x8e ./Core/Src/main.o
 .debug_macro   0x00014404       0x1c ./Core/Src/main.o
 .debug_macro   0x00014420      0x185 ./Core/Src/main.o
 .debug_macro   0x000145a5      0x19b ./Core/Src/main.o
 .debug_macro   0x00014740       0x16 ./Core/Src/main.o
 .debug_macro   0x00014756       0x3c ./Core/Src/main.o
 .debug_macro   0x00014792       0x16 ./Core/Src/main.o
 .debug_macro   0x000147a8       0x29 ./Core/Src/main.o
 .debug_macro   0x000147d1       0x16 ./Core/Src/main.o
 .debug_macro   0x000147e7       0x20 ./Core/Src/main.o
 .debug_macro   0x00014807       0x72 ./Core/Src/navball_texture_256_128.o
 .debug_macro   0x00014879       0x10 ./Core/Src/navball_texture_256_128.o
 .debug_macro   0x00014889      0x2b2 ./Core/Src/st7735s.o
 .debug_macro   0x00014b3b      0x1d3 ./Core/Src/stm32f4xx_hal_msp.o
 .debug_macro   0x00014d0e      0x1dd ./Core/Src/stm32f4xx_it.o
 .debug_macro   0x00014eeb      0x1c4 ./Core/Src/system_stm32f4xx.o
 .debug_macro   0x000150af      0x2de ./Core/Src/trig_lookup_tables.o
 .debug_macro   0x0001538d       0x5e ./Core/Src/trig_lookup_tables.o
 .debug_macro   0x000153eb       0x16 ./Core/Src/trig_lookup_tables.o
 .debug_macro   0x00015401       0x22 ./Core/Src/trig_lookup_tables.o
 .debug_macro   0x00015423      0x224 ./Drivers/STM32F4xx_HAL_Driver/Src/stm32f4xx_hal.o
 .debug_macro   0x00015647      0x1c4 ./Drivers/STM32F4xx_HAL_Driver/Src/stm32f4xx_hal_cortex.o
 .debug_macro   0x0001580b      0x1ca ./Drivers/STM32F4xx_HAL_Driver/Src/stm32f4xx_hal_dma.o
 .debug_macro   0x000159d5      0x1ca ./Drivers/STM32F4xx_HAL_Driver/Src/stm32f4xx_hal_gpio.o
 .debug_macro   0x00015b9f      0x1e8 ./Drivers/STM32F4xx_HAL_Driver/Src/stm32f4xx_hal_rcc.o
 .debug_macro   0x00015d87      0x1d3 ./Drivers/STM32F4xx_HAL_Driver/Src/stm32f4xx_hal_spi.o
 .debug_macro   0x00015f5a      0x1c5 ./Drivers/STM32F4xx_HAL_Driver/Src/stm32f4xx_hal_uart.o

.debug_line     0x00000000     0xc15e
 .debug_line    0x00000000      0xad9 ./Core/Src/main.o
 .debug_line    0x00000ad9      0x42e ./Core/Src/navball_texture_256_128.o
 .debug_line    0x00000f07      0xb8c ./Core/Src/st7735s.o
 .debug_line    0x00001a93      0x823 ./Core/Src/stm32f4xx_hal_msp.o
 .debug_line    0x000022b6      0x83b ./Core/Src/stm32f4xx_it.o
 .debug_line    0x00002af1      0x7a2 ./Core/Src/system_stm32f4xx.o
 .debug_line    0x00003293      0xc37 ./Core/Src/trig_lookup_tables.o
 .debug_line    0x00003eca       0x7a ./Core/Startup/startup_stm32f411ceux.o
 .debug_line    0x00003f44      0xa1e ./Drivers/STM32F4xx_HAL_Driver/Src/stm32f4xx_hal.o
 .debug_line    0x00004962      0xcee ./Drivers/STM32F4xx_HAL_Driver/Src/stm32f4xx_hal_cortex.o
 .debug_line    0x00005650      0xf8a ./Drivers/STM32F4xx_HAL_Driver/Src/stm32f4xx_hal_dma.o
 .debug_line    0x000065da      0xb3a ./Drivers/STM32F4xx_HAL_Driver/Src/stm32f4xx_hal_gpio.o
 .debug_line    0x00007114      0xe2b ./Drivers/STM32F4xx_HAL_Driver/Src/stm32f4xx_hal_rcc.o
 .debug_line    0x00007f3f     0x1cb9 ./Drivers/STM32F4xx_HAL_Driver/Src/stm32f4xx_hal_spi.o
 .debug_line    0x00009bf8     0x2566 ./Drivers/STM32F4xx_HAL_Driver/Src/stm32f4xx_hal_uart.o

.debug_str      0x00000000    0x87f52
 .debug_str     0x00000000    0x87f52 ./Core/Src/main.o
                              0x86135 (size before relaxing)
 .debug_str     0x00087f52     0x3e32 ./Core/Src/navball_texture_256_128.o
 .debug_str     0x00087f52    0x84eb3 ./Core/Src/st7735s.o
 .debug_str     0x00087f52    0x8214e ./Core/Src/stm32f4xx_hal_msp.o
 .debug_str     0x00087f52    0x81c5a ./Core/Src/stm32f4xx_it.o
 .debug_str     0x00087f52    0x81649 ./Core/Src/system_stm32f4xx.o
 .debug_str     0x00087f52    0x85368 ./Core/Src/trig_lookup_tables.o
 .debug_str     0x00087f52       0x85 ./Core/Startup/startup_stm32f411ceux.o
 .debug_str     0x00087f52    0x82075 ./Drivers/STM32F4xx_HAL_Driver/Src/stm32f4xx_hal.o
 .debug_str     0x00087f52    0x81ddf ./Drivers/STM32F4xx_HAL_Driver/Src/stm32f4xx_hal_cortex.o
 .debug_str     0x00087f52    0x81a51 ./Drivers/STM32F4xx_HAL_Driver/Src/stm32f4xx_hal_dma.o
 .debug_str     0x00087f52    0x817c4 ./Drivers/STM32F4xx_HAL_Driver/Src/stm32f4xx_hal_gpio.o
 .debug_str     0x00087f52    0x81a7d ./Drivers/STM32F4xx_HAL_Driver/Src/stm32f4xx_hal_rcc.o
 .debug_str     0x00087f52    0x81ef5 ./Drivers/STM32F4xx_HAL_Driver/Src/stm32f4xx_hal_spi.o
 .debug_str     0x00087f52    0x8204c ./Drivers/STM32F4xx_HAL_Driver/Src/stm32f4xx_hal_uart.o

.comment        0x00000000       0x43
 .comment       0x00000000       0x43 ./Core/Src/main.o
                                 0x44 (size before relaxing)
 .comment       0x00000043       0x44 ./Core/Src/navball_texture_256_128.o
 .comment       0x00000043       0x44 ./Core/Src/st7735s.o
 .comment       0x00000043       0x44 ./Core/Src/stm32f4xx_hal_msp.o
 .comment       0x00000043       0x44 ./Core/Src/stm32f4xx_it.o
 .comment       0x00000043       0x44 ./Core/Src/system_stm32f4xx.o
 .comment       0x00000043       0x44 ./Core/Src/trig_lookup_tables.o
 .comment       0x00000043       0x44 ./Drivers/STM32F4xx_HAL_Driver/Src/stm32f4xx_hal.o
 .comment       0x00000043       0x44 ./Drivers/STM32F4xx_HAL_Driver/Src/stm32f4xx_hal_cortex.o
 .comment       0x00000043       0x44 ./Drivers/STM32F4xx_HAL_Driver/Src/stm32f4xx_hal_dma.o
 .comment       0x00000043       0x44 ./Drivers/STM32F4xx_HAL_Driver/Src/stm32f4xx_hal_gpio.o
 .comment       0x00000043       0x44 ./Drivers/STM32F4xx_HAL_Driver/Src/stm32f4xx_hal_rcc.o
 .comment       0x00000043       0x44 ./Drivers/STM32F4xx_HAL_Driver/Src/stm32f4xx_hal_spi.o
 .comment       0x00000043       0x44 ./Drivers/STM32F4xx_HAL_Driver/Src/stm32f4xx_hal_uart.o

.debug_frame    0x00000000     0x29d8
 .debug_frame   0x00000000      0x138 ./Core/Src/main.o
 .debug_frame   0x00000138      0x28c ./Core/Src/st7735s.o
 .debug_frame   0x000003c4       0xc8 ./Core/Src/stm32f4xx_hal_msp.o
 .debug_frame   0x0000048c      0x174 ./Core/Src/stm32f4xx_it.o
 .debug_frame   0x00000600       0x58 ./Core/Src/system_stm32f4xx.o
 .debug_frame   0x00000658      0x190 ./Core/Src/trig_lookup_tables.o
 .debug_frame   0x000007e8      0x374 ./Drivers/STM32F4xx_HAL_Driver/Src/stm32f4xx_hal.o
 .debug_frame   0x00000b5c      0x508 ./Drivers/STM32F4xx_HAL_Driver/Src/stm32f4xx_hal_cortex.o
 .debug_frame   0x00001064      0x250 ./Drivers/STM32F4xx_HAL_Driver/Src/stm32f4xx_hal_dma.o
 .debug_frame   0x000012b4      0x14c ./Drivers/STM32F4xx_HAL_Driver/Src/stm32f4xx_hal_gpio.o
 .debug_frame   0x00001400      0x1f4 ./Drivers/STM32F4xx_HAL_Driver/Src/stm32f4xx_hal_rcc.o
 .debug_frame   0x000015f4      0x828 ./Drivers/STM32F4xx_HAL_Driver/Src/stm32f4xx_hal_spi.o
 .debug_frame   0x00001e1c      0x954 ./Drivers/STM32F4xx_HAL_Driver/Src/stm32f4xx_hal_uart.o
 .debug_frame   0x00002770      0x144 C:/ST/STM32CubeIDE_1.19.0/STM32CubeIDE/plugins/com.st.stm32cube.ide.mcu.externaltools.gnu-tools-for-stm32.13.3.rel1.win32_1.0.0.202411081344/tools/bin/../lib/gcc/arm-none-eabi/13.3.1/../../../../arm-none-eabi/lib/thumb/v7e-m+fp/hard\libc_nano.a(libc_a-findfp.o)
 .debug_frame   0x000028b4       0x20 C:/ST/STM32CubeIDE_1.19.0/STM32CubeIDE/plugins/com.st.stm32cube.ide.mcu.externaltools.gnu-tools-for-stm32.13.3.rel1.win32_1.0.0.202411081344/tools/bin/../lib/gcc/arm-none-eabi/13.3.1/../../../../arm-none-eabi/lib/thumb/v7e-m+fp/hard\libc_nano.a(libc_a-memset.o)
 .debug_frame   0x000028d4       0x20 C:/ST/STM32CubeIDE_1.19.0/STM32CubeIDE/plugins/com.st.stm32cube.ide.mcu.externaltools.gnu-tools-for-stm32.13.3.rel1.win32_1.0.0.202411081344/tools/bin/../lib/gcc/arm-none-eabi/13.3.1/../../../../arm-none-eabi/lib/thumb/v7e-m+fp/hard\libc_nano.a(libc_a-errno.o)
 .debug_frame   0x000028f4       0x2c C:/ST/STM32CubeIDE_1.19.0/STM32CubeIDE/plugins/com.st.stm32cube.ide.mcu.externaltools.gnu-tools-for-stm32.13.3.rel1.win32_1.0.0.202411081344/tools/bin/../lib/gcc/arm-none-eabi/13.3.1/../../../../arm-none-eabi/lib/thumb/v7e-m+fp/hard\libc_nano.a(libc_a-init.o)
 .debug_frame   0x00002920       0x38 C:/ST/STM32CubeIDE_1.19.0/STM32CubeIDE/plugins/com.st.stm32cube.ide.mcu.externaltools.gnu-tools-for-stm32.13.3.rel1.win32_1.0.0.202411081344/tools/bin/../lib/gcc/arm-none-eabi/13.3.1/../../../../arm-none-eabi/lib/thumb/v7e-m+fp/hard\libm.a(libm_a-wf_sqrt.o)
 .debug_frame   0x00002958       0x20 C:/ST/STM32CubeIDE_1.19.0/STM32CubeIDE/plugins/com.st.stm32cube.ide.mcu.externaltools.gnu-tools-for-stm32.13.3.rel1.win32_1.0.0.202411081344/tools/bin/../lib/gcc/arm-none-eabi/13.3.1/../../../../arm-none-eabi/lib/thumb/v7e-m+fp/hard\libm.a(libm_a-ef_sqrt.o)
 .debug_frame   0x00002978       0x2c C:/ST/STM32CubeIDE_1.19.0/STM32CubeIDE/plugins/com.st.stm32cube.ide.mcu.externaltools.gnu-tools-for-stm32.13.3.rel1.win32_1.0.0.202411081344/tools/bin/../lib/gcc/arm-none-eabi/13.3.1/thumb/v7e-m+fp/hard\libgcc.a(_aeabi_uldivmod.o)
 .debug_frame   0x000029a4       0x34 C:/ST/STM32CubeIDE_1.19.0/STM32CubeIDE/plugins/com.st.stm32cube.ide.mcu.externaltools.gnu-tools-for-stm32.13.3.rel1.win32_1.0.0.202411081344/tools/bin/../lib/gcc/arm-none-eabi/13.3.1/thumb/v7e-m+fp/hard\libgcc.a(_udivmoddi4.o)

.debug_line_str
                0x00000000       0x69
 .debug_line_str
                0x00000000       0x69 ./Core/Startup/startup_stm32f411ceux.o
